// Jest Snapshot v1, https://goo.gl/fbAQLP

exports[`datamodel publish encoded model 1`] = `
Object {
  "definitions": Object {
    "myNotes": "kjzl6cwe1jw145d00g4tuhpps6ozv30hb30cnlaevxmhy8hqbo2x8w58bupuhua",
  },
  "schemas": Object {
    "DataStoreDefinition": "ceramic://k3y52l7qbv1fry1fp4s0nwdarh0vahusarpposgevy0pemiykymd2ord6swtharcw",
    "DataStoreIndex": "ceramic://k3y52l7qbv1fryjn62sggjh1lpn11c56qfofzmty190d62hwk1cal1c7qc5he54ow",
    "Note": "ceramic://k3y52l7qbv1frxr40y3mwy5qlywfty4sfcqrmv4zckjcdnylk5jdq7cgq66r0acjk",
    "NotesList": "ceramic://k3y52l7qbv1fryc2v942v5n6gzesjlg0zu49gnufb97ohhmeym56dme5dit1dmfwg",
  },
  "tiles": Object {},
}
`;
