// Jest Snapshot v1, https://goo.gl/fbAQLP

exports[`3box getLegacy3BoxProfileAsBasicProfile error response 1`] = `null`;

exports[`3box getLegacy3BoxProfileAsBasicProfile fetch error 1`] = `null`;

exports[`3box getLegacy3BoxProfileAsBasicProfile successful response 1`] = `
Object {
  "description": "linktr.ee/xray9876543210",
  "image": Object {
    "original": Object {
      "height": 170,
      "mimeType": "application/octet-stream",
      "src": "ipfs://QmXcMwWuhuAyivd2TZNYxpRX72YZ3WrAJKNL7w79tnbeAf",
      "width": 170,
    },
  },
  "name": "xray",
}
`;

exports[`3box loadLegacy3BoxProfile error response 1`] = `null`;

exports[`3box loadLegacy3BoxProfile fetch error 1`] = `null`;

exports[`3box loadLegacy3BoxProfile successful response 1`] = `
Object {
  "collectiblesFavorites": Array [
    Object {
      "address": "0xb932a70a57673d89f4acffbe830e8ed7f75fb9e0",
      "token_id": "12578",
    },
    Object {
      "address": "0xb932a70a57673d89f4acffbe830e8ed7f75fb9e0",
      "token_id": "9203",
    },
    Object {
      "address": "0x2a46f2ffd99e19a89476e2f62270e0a35bbf0756",
      "token_id": "19878",
    },
  ],
  "description": "linktr.ee/xray9876543210",
  "image": Array [
    Object {
      "@type": "ImageObject",
      "contentUrl": Object {
        "/": "QmXcMwWuhuAyivd2TZNYxpRX72YZ3WrAJKNL7w79tnbeAf",
      },
    },
  ],
  "memberSince": "Alpha",
  "name": "xray",
  "proof_did": "eyJ0eXAiOiJKV1QiLCJhbGciOiJFUzI1NksifQ.eyJpYXQiOjE2MDI4NDI1MTQsImlzcyI6ImRpZDozOmJhZnlyZWlicHNuYjZzMnpvcTRibnk1c3hxcmJ4MzVxa2ZpeXNwbG52M3JsY2FqcnZyZWUzMmF6d2lpIn0.38WK012LLCMAe7D3MgYLDCHUTbPePSgy3AWYKmoptFq1nSyuk7L-iIs7V0plnqmfKFEqK6iF6Cs0uu8YPg28Cg",
  "proof_twitter": "eyJ0eXAiOiJKV1QiLCJhbGciOiJFUzI1NksifQ.eyJpYXQiOjE2MDI1NzU0OTYsInN1YiI6ImRpZDozOmJhZnlyZWlicHNuYjZzMnpvcTRibnk1c3hxcmJ4MzVxa2ZpeXNwbG52M3JsY2FqcnZyZWUzMmF6d2lpIiwiY2xhaW0iOnsidHdpdHRlcl9oYW5kbGUiOiJ4cmF5OTg3NjU0MzIxMCIsInR3aXR0ZXJfcHJvb2YiOiJodHRwczovL3R3aXR0ZXIuY29tL3hyYXk5ODc2NTQzMjEwL3N0YXR1cy8xMzE1OTIzMDgwNzQxNDQ1NjMyIn0sImlzcyI6ImRpZDpodHRwczp2ZXJpZmljYXRpb25zLjNib3guaW8ifQ.8oD95fv-I5fiv12rXI4Y5Si-8EKBCQLjiWb_JYPZ7X0jv41RItIWuP9SYzLIEXr7qdCVdWebS8GygSBxwUac_w",
}
`;
