// Jest Snapshot v1, https://goo.gl/fbAQLP

exports[`composites composite:merge composite merge succeeds 1`] = `
"- Creating the composite...
âœ” {
  \\"version\\": \\"1.0\\",
  \\"models\\": {
    \\"kjzl6hvfrbw6c87pfzkyo9luogpvxinjep6s9aer0cbz53fij3osymi9olmhsrk\\": [
      {
        \\"jws\\": {
          \\"payload\\": \\"AXESIEa5K6jYt4KzH_ULp6UYR5yaMqjmZPMnk9JR2LjQPICM\\",
          \\"signatures\\": [
            {
              \\"signature\\": \\"eBftgjlo5m4uOzOqIpTuwDaGmZl2mw4Uhs1YiFe2PLmw85KdgQCazpZNyWcJyJLQ0S50rYKU8kFdPp82lXWmBQ\\",
              \\"protected\\": \\"eyJhbGciOiJFZERTQSIsImtpZCI6ImRpZDprZXk6ejZNa3BwaXlYVm1KbWV1TnE4WTVrMW1XSlVydDRqTVJ3cDhlVk1ndW1zS05aV3Z6I3o2TWtwcGl5WFZtSm1ldU5xOFk1azFtV0pVcnQ0ak1Sd3A4ZVZNZ3Vtc0tOWld2eiJ9\\"
            }
          ],
          \\"link\\": \\"bafyreicgxev2rwfxqkzr75ilu6srqr44tizkrzte6mtzhusr3c4napearq\\"
        },
        \\"linkedBlock\\": \\"omRkYXRhpGRuYW1lbkdlbmVyaWNQcm9maWxlZnNjaGVtYaVkdHlwZWZvYmplY3RlJGRlZnOibEltYWdlU291cmNlc6VkdHlwZWZvYmplY3RldGl0bGVsSW1hZ2VTb3VyY2VzaHJlcXVpcmVkgWhvcmlnaW5hbGpwcm9wZXJ0aWVzomhvcmlnaW5hbKFkJHJlZnUjLyRkZWZzL0ltYWdlTWV0YWRhdGFsYWx0ZXJuYXRpdmVzomR0eXBlZWFycmF5ZWl0ZW1zoWQkcmVmdSMvJGRlZnMvSW1hZ2VNZXRhZGF0YXRhZGRpdGlvbmFsUHJvcGVydGllc/RtSW1hZ2VNZXRhZGF0YaVkdHlwZWZvYmplY3RldGl0bGVtSW1hZ2VNZXRhZGF0YWhyZXF1aXJlZIRjc3JjaG1pbWVUeXBlZXdpZHRoZmhlaWdodGpwcm9wZXJ0aWVzpWNzcmOjZHR5cGVmc3RyaW5naW1heExlbmd0aBiWaW1pbkxlbmd0aABkc2l6ZaJkdHlwZWdpbnRlZ2VyZ21pbmltdW0BZXdpZHRoomR0eXBlZ2ludGVnZXJnbWluaW11bQFmaGVpZ2h0omR0eXBlZ2ludGVnZXJnbWluaW11bQFobWltZVR5cGWjZHR5cGVmc3RyaW5naW1heExlbmd0aBgyaW1pbkxlbmd0aAB0YWRkaXRpb25hbFByb3BlcnRpZXP0ZyRzY2hlbWF4LGh0dHBzOi8vanNvbi1zY2hlbWEub3JnL2RyYWZ0LzIwMjAtMTIvc2NoZW1hanByb3BlcnRpZXOiZG5hbWWjZHR5cGVmc3RyaW5naW1heExlbmd0aBiWaW1pbkxlbmd0aABlaW1hZ2WhZCRyZWZ0Iy8kZGVmcy9JbWFnZVNvdXJjZXN0YWRkaXRpb25hbFByb3BlcnRpZXP0a2Rlc2NyaXB0aW9ueDJBIG1vZGVsIHRvIHN0b3JlIGNvbW1vbiBwcm9maWxlLXJlbGF0ZWQgcHJvcGVydGllc29hY2NvdW50UmVsYXRpb25mc2luZ2xlZmhlYWRlcqNlbW9kZWxSzgECAXFxCwAJaG1vZGVsLXYxZnVuaXF1ZUyK7BWGwy37iVPP01drY29udHJvbGxlcnOBeDhkaWQ6a2V5Ono2TWtwcGl5WFZtSm1ldU5xOFk1azFtV0pVcnQ0ak1Sd3A4ZVZNZ3Vtc0tOWld2eg==\\"
      }
    ],
    \\"kjzl6hvfrbw6c6uyognb9t0b8a0qh3i84ga2tgn9lkeo68bmp5jtb6mo2t0i7c0\\": [
      {
        \\"jws\\": {
          \\"payload\\": \\"AXESIKHG85zLKrxfOSpcVGkZ9ck0Yxt3p0z5VLC8z-sI4Ihg\\",
          \\"signatures\\": [
            {
              \\"signature\\": \\"mRgll5v1Y68i8PUCnQzHT5xeEws4wrjbejYJYsC_8NxrYD5wIESa4eP4PmgaLg2-vm2_i1Vtkh3kv5orBmo8Cw\\",
              \\"protected\\": \\"eyJhbGciOiJFZERTQSIsImtpZCI6ImRpZDprZXk6ejZNa3BwaXlYVm1KbWV1TnE4WTVrMW1XSlVydDRqTVJ3cDhlVk1ndW1zS05aV3Z6I3o2TWtwcGl5WFZtSm1ldU5xOFk1azFtV0pVcnQ0ak1Sd3A4ZVZNZ3Vtc0tOWld2eiJ9\\"
            }
          ],
          \\"link\\": \\"bafyreifby3zzzszkxrptsks4krurt5ojgrrrw55hjt4vjmf4z7vqryeima\\"
        },
        \\"linkedBlock\\": \\"omRkYXRhpGRuYW1lbVNvY2lhbFByb2ZpbGVmc2NoZW1hpWR0eXBlZm9iamVjdGUkZGVmc6JsSW1hZ2VTb3VyY2VzpWR0eXBlZm9iamVjdGV0aXRsZWxJbWFnZVNvdXJjZXNocmVxdWlyZWSBaG9yaWdpbmFsanByb3BlcnRpZXOiaG9yaWdpbmFsoWQkcmVmdSMvJGRlZnMvSW1hZ2VNZXRhZGF0YWxhbHRlcm5hdGl2ZXOiZHR5cGVlYXJyYXllaXRlbXOhZCRyZWZ1Iy8kZGVmcy9JbWFnZU1ldGFkYXRhdGFkZGl0aW9uYWxQcm9wZXJ0aWVz9G1JbWFnZU1ldGFkYXRhpWR0eXBlZm9iamVjdGV0aXRsZW1JbWFnZU1ldGFkYXRhaHJlcXVpcmVkhGNzcmNobWltZVR5cGVld2lkdGhmaGVpZ2h0anByb3BlcnRpZXOlY3NyY6NkdHlwZWZzdHJpbmdpbWF4TGVuZ3RoGJZpbWluTGVuZ3RoAGRzaXplomR0eXBlZ2ludGVnZXJnbWluaW11bQFld2lkdGiiZHR5cGVnaW50ZWdlcmdtaW5pbXVtAWZoZWlnaHSiZHR5cGVnaW50ZWdlcmdtaW5pbXVtAWhtaW1lVHlwZaNkdHlwZWZzdHJpbmdpbWF4TGVuZ3RoGDJpbWluTGVuZ3RoAHRhZGRpdGlvbmFsUHJvcGVydGllc/RnJHNjaGVtYXgsaHR0cHM6Ly9qc29uLXNjaGVtYS5vcmcvZHJhZnQvMjAyMC0xMi9zY2hlbWFqcHJvcGVydGllc6RjdXJso2R0eXBlZnN0cmluZ2ltYXhMZW5ndGgY8GltaW5MZW5ndGgAZWVtb2ppo2R0eXBlZnN0cmluZ2ltYXhMZW5ndGgCaW1pbkxlbmd0aABqYmFja2dyb3VuZKFkJHJlZnQjLyRkZWZzL0ltYWdlU291cmNlc2tkZXNjcmlwdGlvbqNkdHlwZWZzdHJpbmdpbWF4TGVuZ3RoGQGkaW1pbkxlbmd0aAB0YWRkaXRpb25hbFByb3BlcnRpZXP0a2Rlc2NyaXB0aW9ueE1BIG1vZGVsIHRvIHN0b3JlIHByb3BlcnRpZXMgdGhhdCBhY2NvdW50cyB3b3VsZCBsaWtlIHRvIHNoYXJlIG9uIHNvY2lhbCBtZWRpYW9hY2NvdW50UmVsYXRpb25mc2luZ2xlZmhlYWRlcqNlbW9kZWxSzgECAXFxCwAJaG1vZGVsLXYxZnVuaXF1ZUwbEe1ikdjuaSBBeudrY29udHJvbGxlcnOBeDhkaWQ6a2V5Ono2TWtwcGl5WFZtSm1ldU5xOFk1azFtV0pVcnQ0ak1Sd3A4ZVZNZ3Vtc0tOWld2eg==\\"
      }
    ],
    \\"kjzl6hvfrbw6c9z3f540wcc55e12e6oj3rl36o4y5ieksjrm8ty0f2z647cubmt\\": [
      {
        \\"jws\\": {
          \\"payload\\": \\"AXESIG9-ZFVU7bpABugAWLtiXDDWEJNg8njHFL2OCWkhOOxJ\\",
          \\"signatures\\": [
            {
              \\"signature\\": \\"0r1TLZkLAnsk346yLakw8LyqNZCuVbJYMDso0POUijv4Vy6dVvqd6pfeB31l1pHcrgZQ2Z5CGHfGuCgtu5mXAw\\",
              \\"protected\\": \\"eyJhbGciOiJFZERTQSIsImtpZCI6ImRpZDprZXk6ejZNa3BwaXlYVm1KbWV1TnE4WTVrMW1XSlVydDRqTVJ3cDhlVk1ndW1zS05aV3Z6I3o2TWtwcGl5WFZtSm1ldU5xOFk1azFtV0pVcnQ0ak1Sd3A4ZVZNZ3Vtc0tOWld2eiJ9\\"
            }
          ],
          \\"link\\": \\"bafyreidppzsfkvhnxjaan2aalc5wexbq2yijgyhspddrjpmobfuscohmje\\"
        },
        \\"linkedBlock\\": \\"omRkYXRhpGRuYW1lbVBlcnNvblByb2ZpbGVmc2NoZW1hpGR0eXBlZm9iamVjdGckc2NoZW1heCxodHRwczovL2pzb24tc2NoZW1hLm9yZy9kcmFmdC8yMDIwLTEyL3NjaGVtYWpwcm9wZXJ0aWVzpmZnZW5kZXKjZHR5cGVmc3RyaW5naW1heExlbmd0aBgqaW1pbkxlbmd0aABpYmlydGhEYXRlo2R0eXBlZnN0cmluZ2ltYXhMZW5ndGgKaW1pbkxlbmd0aABsYWZmaWxpYXRpb25zomR0eXBlZWFycmF5ZWl0ZW1zo2R0eXBlZnN0cmluZ2ltYXhMZW5ndGgYjGltaW5MZW5ndGgAbGhvbWVMb2NhdGlvbqNkdHlwZWZzdHJpbmdpbWF4TGVuZ3RoGIxpbWluTGVuZ3RoAG1uYXRpb25hbGl0aWVzpGR0eXBlZWFycmF5ZWl0ZW1zoWR0eXBlZnN0cmluZ2htYXhJdGVtcwVobWluSXRlbXMBcHJlc2lkZW5jZUNvdW50cnmjZHR5cGVmc3RyaW5naW1heExlbmd0aAJpbWluTGVuZ3RoAHRhZGRpdGlvbmFsUHJvcGVydGllc/RrZGVzY3JpcHRpb254KEEgbW9kZWwgdG8gc3RvcmUgYWNjb3VudHMnIHBlcnNvbmFsIGRhdGFvYWNjb3VudFJlbGF0aW9uZnNpbmdsZWZoZWFkZXKjZW1vZGVsUs4BAgFxcQsACWhtb2RlbC12MWZ1bmlxdWVMrJp04TX6BcXHrkrBa2NvbnRyb2xsZXJzgXg4ZGlkOmtleTp6Nk1rcHBpeVhWbUptZXVOcThZNWsxbVdKVXJ0NGpNUndwOGVWTWd1bXNLTlpXdno=\\"
      }
    ],
    \\"kjzl6hvfrbw6c89rp8jo5tzvf67g6xk5npdhagzh0xdczpcmn3vuljcds89mtyt\\": [
      {
        \\"jws\\": {
          \\"payload\\": \\"AXESICALbDx9p97pHNy041jZ7DIDk7uOfXE1rsqbQ2gR_is0\\",
          \\"signatures\\": [
            {
              \\"signature\\": \\"_MATHLeuT-e2dz4kXoJxU4BvEEitsdyf5vuUeFkp-_PnEgspXLBj2pXtkbCHZWYyVb-m29_XwJZ7_fOQidSiAg\\",
              \\"protected\\": \\"eyJhbGciOiJFZERTQSIsImtpZCI6ImRpZDprZXk6ejZNa3BwaXlYVm1KbWV1TnE4WTVrMW1XSlVydDRqTVJ3cDhlVk1ndW1zS05aV3Z6I3o2TWtwcGl5WFZtSm1ldU5xOFk1azFtV0pVcnQ0ak1Sd3A4ZVZNZ3Vtc0tOWld2eiJ9\\"
            }
          ],
          \\"link\\": \\"bafyreibabnwdy7nh33urzxfu4nmnt3bsaoj3xdt5oe225su3inubd7rlgq\\"
        },
        \\"linkedBlock\\": \\"omRkYXRhpGRuYW1lZ1BpY3R1cmVmc2NoZW1hpWR0eXBlZm9iamVjdGckc2NoZW1heCxodHRwczovL2pzb24tc2NoZW1hLm9yZy9kcmFmdC8yMDIwLTEyL3NjaGVtYWhyZXF1aXJlZIFjdXJsanByb3BlcnRpZXOhY3VybKNkdHlwZWZzdHJpbmdpbWF4TGVuZ3RoGIxpbWluTGVuZ3RoAHRhZGRpdGlvbmFsUHJvcGVydGllc/RrZGVzY3JpcHRpb25vQSBQaWN0dXJlIG1vZGVsb2FjY291bnRSZWxhdGlvbmRsaXN0ZmhlYWRlcqNlbW9kZWxSzgECAXFxCwAJaG1vZGVsLXYxZnVuaXF1ZUxE8q7DfDBGRi809c5rY29udHJvbGxlcnOBeDhkaWQ6a2V5Ono2TWtwcGl5WFZtSm1ldU5xOFk1azFtV0pVcnQ0ak1Sd3A4ZVZNZ3Vtc0tOWld2eg==\\"
      }
    ],
    \\"kjzl6hvfrbw6c6zicv2kn8asuzjug6g3n90ivo1ds9jrj60kja25tefxmykzh8h\\": [
      {
        \\"jws\\": {
          \\"payload\\": \\"AXESIE1qcTBj13uTizJ8YWChIAJtSzLjTuprNH47gHYb-zJM\\",
          \\"signatures\\": [
            {
              \\"signature\\": \\"5zRQnnpPwf-6GIbEL-WA9Nts9XZjd7RMEcjJjGfejtyLWuTYvlaFr6qpsJvIWBMxnJGxmSl9OSTBS6F7U-OhCA\\",
              \\"protected\\": \\"eyJhbGciOiJFZERTQSIsImtpZCI6ImRpZDprZXk6ejZNa3BwaXlYVm1KbWV1TnE4WTVrMW1XSlVydDRqTVJ3cDhlVk1ndW1zS05aV3Z6I3o2TWtwcGl5WFZtSm1ldU5xOFk1azFtV0pVcnQ0ak1Sd3A4ZVZNZ3Vtc0tOWld2eiJ9\\"
            }
          ],
          \\"link\\": \\"bafyreicnnjytay6xpojywmt4mfqkciacnvftfy2o5jvti7r3qb3bx6zsjq\\"
        },
        \\"linkedBlock\\": \\"omRkYXRhpGRuYW1lZFBvc3Rmc2NoZW1hpWR0eXBlZm9iamVjdGckc2NoZW1heCxodHRwczovL2pzb24tc2NoZW1hLm9yZy9kcmFmdC8yMDIwLTEyL3NjaGVtYWhyZXF1aXJlZIFkdGV4dGpwcm9wZXJ0aWVzoWR0ZXh0o2R0eXBlZnN0cmluZ2ltYXhMZW5ndGgZE4hpbWluTGVuZ3RoAHRhZGRpdGlvbmFsUHJvcGVydGllc/RrZGVzY3JpcHRpb25sQSBQb3N0IG1vZGVsb2FjY291bnRSZWxhdGlvbmRsaXN0ZmhlYWRlcqNlbW9kZWxSzgECAXFxCwAJaG1vZGVsLXYxZnVuaXF1ZUyr4tGBMkJPoaeAeC5rY29udHJvbGxlcnOBeDhkaWQ6a2V5Ono2TWtwcGl5WFZtSm1ldU5xOFk1azFtV0pVcnQ0ak1Sd3A4ZVZNZ3Vtc0tOWld2eg==\\"
      }
    ]
  },
  \\"aliases\\": {},
  \\"views\\": {
    \\"account\\": {},
    \\"root\\": {},
    \\"models\\": {}
  }
}"
`;
