// Jest Snapshot v1, https://goo.gl/fbAQLP

exports[`did-session Manage session state serializes 1`] = `"eyJzZXNzaW9uS2V5U2VlZCI6IlFLaUhYOHh4TkZwQ3dOdnhJb0M0c0NUNXY5OXM4QVozNGdkUjBoK0F0b3M9IiwiY2FjYW8iOnsiaCI6eyJ0IjoiZWlwNDM2MSJ9LCJwIjp7ImRvbWFpbiI6InNlcnZpY2Uub3JnIiwiaWF0IjoiMjAyMS0wOS0zMFQxNjoyNToyNC4wMDBaIiwiaXNzIjoiZGlkOnBraDplaXAxNTU6MToweEJkOUQ5YzdEQzM4OTcxNWE4OWZDODE0OUU0YTVCZTkxMzM2QjI3OTYiLCJhdWQiOiJkaWQ6a2V5Ono2TWtyQmROZHdVUG5YRFZEMURDeGVkelZWQnBhR2k4YVNtb1hGQWVLTmd0QWVyOCIsInZlcnNpb24iOiIxIiwibm9uY2UiOiIzMjg5MTc1NyIsInN0YXRlbWVudCI6IkkgYWNjZXB0IHRoZSBTZXJ2aWNlT3JnIFRlcm1zIG9mIFNlcnZpY2U6IGh0dHBzOi8vc2VydmljZS5vcmcvdG9zIiwicmVzb3VyY2VzIjpbImBjZXJhbWljOi8vKj9tb2RlbD1rMnQ2d3lmc3U0cGZ6MGZuaWRrNnR6M2dhazd0cjhuNXczNGFoMWMzMXc1dnE5OGI2MmhpcjFwbm4zajJ0eSIsImBjZXJhbWljOi8vKj9tb2RlbD1rMnQ2d3lmc3U0cGd6MGZ0eDY2NHZldWFmMnFpYjk1emo4amUyeDdwZjg5djZnNXA3eGE3bjllbzQ1ZzY0YSJdfSwicyI6eyJ0IjoiZWlwMTkxIiwicyI6IjB4MjVmNDBjZDhjNTUwZTYyYjBkNzZjMWRmOTA5MGI0YTcwODk4YmQ1MWE2Y2UyYjA2YWJmNzNkNzRjYTRkYTBlZTE0Y2VlYWFhMzU3YWU0NjkzNzEwM2ExNzYzZjAwNDVmZTBkYTc4NTFjZTdiZWU2MTI1ZGNhNjMxYzQ1Y2ZlMTcxYyJ9fX0"`;
